******************************************************************************
            TI ARM Clang Linker PC v4.0.4                      
******************************************************************************
>> Linked Fri May 29 21:04:11 2026

OUTPUT FILE NAME:   <Test.out>
ENTRY POINT SYMBOL: "_c_int00_noargs"  address: 000010d5


MEMORY CONFIGURATION

         name            origin    length      used     unused   attr    fill
----------------------  --------  ---------  --------  --------  ----  --------
  FLASH                 00000000   00020000  000018e8  0001e718  R  X
  SRAM                  20200000   00008000  00000314  00007cec  RW X
  BCR_CONFIG            41c00000   000000ff  00000000  000000ff  R   
  BSL_CONFIG            41c00100   00000080  00000000  00000080  R   


SEGMENT ALLOCATION MAP

run origin  load origin   length   init length attrs members
----------  ----------- ---------- ----------- ----- -------
00000000    00000000    000018e8   000018e8    r-x
  00000000    00000000    000000c0   000000c0    r-- .intvecs
  000000c0    000000c0    000011c8   000011c8    r-x .text
  00001288    00001288    00000630   00000630    r-- .rodata
  000018b8    000018b8    00000030   00000030    r-- .cinit
20200000    20200000    00000114   00000000    rw-
  20200000    20200000    00000108   00000000    rw- .bss
  20200108    20200108    0000000c   00000000    rw- .data
20207e00    20207e00    00000200   00000000    rw-
  20207e00    20207e00    00000200   00000000    rw- .stack


SECTION ALLOCATION MAP

 output                                  attributes/
section   page    origin      length       input sections
--------  ----  ----------  ----------   ----------------
.intvecs   0    00000000    000000c0     
                  00000000    000000c0     startup_mspm0g350x_ticlang.o (.intvecs)

.text      0    000000c0    000011c8     
                  000000c0    0000037c     DL_OLED.o (.text.OLED_WriteCommand)
                  0000043c    00000368     DL_OLED.o (.text.OLED_WriteData)
                  000007a4    00000260     DL_OLED.o (.text.OLED_Init)
                  00000a04    00000104     driverlib.a : dl_timer.o (.text.DL_Timer_initFourCCPWMMode)
                  00000b08    000000c4     DL_OLED.o (.text.OLED_ShowChar)
                  00000bcc    0000009a     libc.a : memcpy16.S.obj (.text:memcpy)
                  00000c66    00000002     startup_mspm0g350x_ticlang.o (.text.Default_Handler)
                  00000c68    0000007c     empty.o (.text.main)
                  00000ce4    0000007c     libc.a : copy_decompress_lzss.c.obj (.text:decompress:lzss)
                  00000d60    00000070     ti_msp_dl_config.o (.text.SYSCFG_DL_UART_0_init)
                  00000dd0    0000006c     ti_msp_dl_config.o (.text.SYSCFG_DL_PWM_14_init)
                  00000e3c    00000060     ti_msp_dl_config.o (.text.SYSCFG_DL_GPIO_init)
                  00000e9c    00000054     DL_OLED.o (.text.OLED_ShowString)
                  00000ef0    00000048     driverlib.a : dl_uart.o (.text.DL_UART_init)
                  00000f38    00000040     app_uart.o (.text.APP_UART_SendString)
                  00000f78    00000040     ti_msp_dl_config.o (.text.SYSCFG_DL_SYSCTL_init)
                  00000fb8    00000040     ti_msp_dl_config.o (.text.SYSCFG_DL_initPower)
                  00000ff8    00000040     app_uart.o (.text.UART0_IRQHandler)
                  00001038    0000003c     libc.a : autoinit.c.obj (.text:__TI_auto_init_nobinit_nopinit)
                  00001074    00000030     driverlib.a : dl_uart.o (.text.DL_UART_transmitDataBlocking)
                  000010a4    00000030     ti_msp_dl_config.o (.text.SYSCFG_DL_SYSTICK_init)
                  000010d4    00000028     libc.a : boot_cortex_m.c.obj (.text:_c_int00_noargs)
                  000010fc    00000024     app_uart.o (.text.APP_UART_Init)
                  00001120    0000001c     app_uart.o (.text.APP_UART_Read)
                  0000113c    0000001c     bsp_uart.o (.text.BSP_UART_Init)
                  00001158    0000001c     driverlib.a : dl_timer.o (.text.DL_Timer_setCaptCompUpdateMethod)
                  00001174    0000001c                 : dl_timer.o (.text.DL_Timer_setClockConfig)
                  00001190    0000001c     ti_msp_dl_config.o (.text.SYSCFG_DL_init)
                  000011ac    00000018     app_uart.o (.text.APP_UART_Available)
                  000011c4    00000018     driverlib.a : dl_timer.o (.text.DL_Timer_setCaptureCompareOutCtl)
                  000011dc    00000016     libc.a : copy_zero_init.c.obj (.text:decompress:ZI:__TI_zero_init_nomemset)
                  000011f2    00000002     --HOLE-- [fill = 0]
                  000011f4    00000014     empty.o (.text.SysTick_Handler)
                  00001208    00000012     driverlib.a : dl_uart.o (.text.DL_UART_setClockConfig)
                  0000121a    00000012     libc.a : copy_decompress_none.c.obj (.text:decompress:none)
                  0000122c    00000010     bsp_uart.o (.text.BSP_UART_ReceiveByte)
                  0000123c    00000010     driverlib.a : dl_timer.o (.text.DL_Timer_setCaptureCompareValue)
                  0000124c    0000000c     bsp_uart.o (.text.BSP_UART_GetPendingIRQ)
                  00001258    0000000a     bsp_uart.o (.text.BSP_UART_SendByte)
                  00001262    0000000a     driverlib.a : dl_common.o (.text.DL_Common_delayCycles)
                  0000126c    00000008     libclang_rt.builtins.a : aeabi_memcpy.S.obj (.text.__aeabi_memcpy)
                  00001274    00000006     libc.a : exit.c.obj (.text:abort)
                  0000127a    00000004     libsysbm.a : hostexit.c.obj (.text.HOSTexit)
                  0000127e    00000004     startup_mspm0g350x_ticlang.o (.text.Reset_Handler)
                  00001282    00000004     libc.a : pre_init.c.obj (.text._system_pre_init)
                  00001286    00000002     --HOLE-- [fill = 0]

.cinit     0    000018b8    00000030     
                  000018b8    0000000c     (.cinit..data.load) [load image, compression = lzss]
                  000018c4    0000000c     (__TI_handler_table)
                  000018d0    00000008     (.cinit..bss.load) [load image, compression = zero_init]
                  000018d8    00000010     (__TI_cinit_table)

.rodata    0    00001288    00000630     
                  00001288    000005f0     DL_OLED.o (.rodata.OLED_F8x16)
                  00001878    0000000c     empty.o (.rodata.str1.9517790425240694019.1)
                  00001884    0000000b     empty.o (.rodata.str1.14685083708502177989.1)
                  0000188f    00000001     --HOLE-- [fill = 0]
                  00001890    0000000a     ti_msp_dl_config.o (.rodata.gUART_0Config)
                  0000189a    0000000a     empty.o (.rodata.str1.254342170260855183.1)
                  000018a4    00000008     ti_msp_dl_config.o (.rodata.gPWM_14Config)
                  000018ac    00000003     ti_msp_dl_config.o (.rodata.gPWM_14ClockConfig)
                  000018af    00000002     ti_msp_dl_config.o (.rodata.gUART_0ClockConfig)
                  000018b1    00000007     --HOLE-- [fill = 0]

.init_array 
*          0    00000000    00000000     UNINITIALIZED

.binit     0    00000000    00000000     

.bss       0    20200000    00000108     UNINITIALIZED
                  20200000    00000100     app_uart.o (.bss.rx_buf)
                  20200100    00000004     app_uart.o (.bss.g_huart)
                  20200104    00000002     app_uart.o (.bss.readIdx)
                  20200106    00000002     app_uart.o (.bss.writeIdx)

.data      0    20200108    0000000c     UNINITIALIZED
                  20200108    00000008     app_config.o (.data.huart0)
                  20200110    00000004     empty.o (.data.delay_time)

.stack     0    20207e00    00000200     UNINITIALIZED
                  20207e00    00000004     libc.a : boot_cortex_m.c.obj (.stack)
                  20207e04    000001fc     --HOLE--

__llvm_prf_cnts 
*          0    20200000    00000000     UNINITIALIZED

__llvm_prf_bits 
*          0    20200000    00000000     UNINITIALIZED

MODULE SUMMARY

       Module                         code   ro data   rw data
       ------                         ----   -------   -------
    .\
       ti_msp_dl_config.o             520    23        0      
       startup_mspm0g350x_ticlang.o   6      192       0      
       empty.o                        144    33        4      
    +--+------------------------------+------+---------+---------+
       Total:                         670    248       4      
                                                              
    .\app\
       DL_OLED.o                      2652   1520      0      
       app_uart.o                     216    0         264    
       app_config.o                   0      0         8      
    +--+------------------------------+------+---------+---------+
       Total:                         2868   1520      272    
                                                              
    .\bsp\
       bsp_uart.o                     66     0         0      
    +--+------------------------------+------+---------+---------+
       Total:                         66     0         0      
                                                              
    C:/TI/mspm0_sdk_2_10_00_04/source/ti/driverlib/lib/ticlang/m0p/mspm0g1x0x_g3x0x/driverlib.a
       dl_timer.o                     356    0         0      
       dl_uart.o                      138    0         0      
       dl_common.o                    10     0         0      
    +--+------------------------------+------+---------+---------+
       Total:                         504    0         0      
                                                              
    E:\ti\ccs2050\ccs\tools\compiler\ti-cgt-armllvm_4.0.4.LTS\lib\armv6m-ti-none-eabi/c/libc.a
       memcpy16.S.obj                 154    0         0      
       copy_decompress_lzss.c.obj     124    0         0      
       autoinit.c.obj                 60     0         0      
       boot_cortex_m.c.obj            40     0         0      
       copy_zero_init.c.obj           22     0         0      
       copy_decompress_none.c.obj     18     0         0      
       exit.c.obj                     6      0         0      
       pre_init.c.obj                 4      0         0      
    +--+------------------------------+------+---------+---------+
       Total:                         428    0         0      
                                                              
    E:\ti\ccs2050\ccs\tools\compiler\ti-cgt-armllvm_4.0.4.LTS\lib\armv6m-ti-none-eabi/c/libsysbm.a
       hostexit.c.obj                 4      0         0      
    +--+------------------------------+------+---------+---------+
       Total:                         4      0         0      
                                                              
    E:\ti\ccs2050\ccs\tools\compiler\ti-cgt-armllvm_4.0.4.LTS\lib\armv6m-ti-none-eabi/libclang_rt.builtins.a
       aeabi_memcpy.S.obj             8      0         0      
    +--+------------------------------+------+---------+---------+
       Total:                         8      0         0      
                                                              
       Stack:                         0      0         512    
       Linker Generated:              0      48        0      
    +--+------------------------------+------+---------+---------+
       Grand Total:                   4548   1816      788    


LINKER GENERATED COPY TABLES

__TI_cinit_table @ 000018d8 records: 2, size/record: 8, table size: 16
	.data: load addr=000018b8, load size=0000000c bytes, run addr=20200108, run size=0000000c bytes, compression=lzss
	.bss: load addr=000018d0, load size=00000008 bytes, run addr=20200000, run size=00000108 bytes, compression=zero_init


LINKER GENERATED HANDLER TABLE

__TI_handler_table @ 000018c4 records: 3, size/record: 4, table size: 12
	index: 0, handler: __TI_decompress_lzss
	index: 1, handler: __TI_decompress_none
	index: 2, handler: __TI_zero_init


GLOBAL SYMBOLS: SORTED ALPHABETICALLY BY Name 

address   name                            
-------   ----                            
00000c67  ADC0_IRQHandler                 
00000c67  ADC1_IRQHandler                 
00000c67  AES_IRQHandler                  
000011ad  APP_UART_Available              
000010fd  APP_UART_Init                   
00001121  APP_UART_Read                   
00000f39  APP_UART_SendString             
0000124d  BSP_UART_GetPendingIRQ          
0000113d  BSP_UART_Init                   
0000122d  BSP_UART_ReceiveByte            
00001259  BSP_UART_SendByte               
0000127a  C$$EXIT                         
00000c67  CANFD0_IRQHandler               
00000c67  DAC0_IRQHandler                 
00001263  DL_Common_delayCycles           
00000a05  DL_Timer_initFourCCPWMMode      
00001159  DL_Timer_setCaptCompUpdateMethod
000011c5  DL_Timer_setCaptureCompareOutCtl
0000123d  DL_Timer_setCaptureCompareValue 
00001175  DL_Timer_setClockConfig         
00000ef1  DL_UART_init                    
00001209  DL_UART_setClockConfig          
00001075  DL_UART_transmitDataBlocking    
00000c67  DMA_IRQHandler                  
00000c67  Default_Handler                 
00000c67  GROUP0_IRQHandler               
00000c67  GROUP1_IRQHandler               
0000127b  HOSTexit                        
00000c67  HardFault_Handler               
00000c67  I2C0_IRQHandler                 
00000c67  I2C1_IRQHandler                 
00000c67  NMI_Handler                     
00001288  OLED_F8x16                      
000007a5  OLED_Init                       
00000b09  OLED_ShowChar                   
00000e9d  OLED_ShowString                 
000000c1  OLED_WriteCommand               
0000043d  OLED_WriteData                  
00000c67  PendSV_Handler                  
00000c67  RTC_IRQHandler                  
0000127f  Reset_Handler                   
00000c67  SPI0_IRQHandler                 
00000c67  SPI1_IRQHandler                 
00000c67  SVC_Handler                     
00000e3d  SYSCFG_DL_GPIO_init             
00000dd1  SYSCFG_DL_PWM_14_init           
00000f79  SYSCFG_DL_SYSCTL_init           
000010a5  SYSCFG_DL_SYSTICK_init          
00000d61  SYSCFG_DL_UART_0_init           
00001191  SYSCFG_DL_init                  
00000fb9  SYSCFG_DL_initPower             
000011f5  SysTick_Handler                 
00000c67  TIMA0_IRQHandler                
00000c67  TIMA1_IRQHandler                
00000c67  TIMG0_IRQHandler                
00000c67  TIMG12_IRQHandler               
00000c67  TIMG6_IRQHandler                
00000c67  TIMG7_IRQHandler                
00000c67  TIMG8_IRQHandler                
00000ff9  UART0_IRQHandler                
00000c67  UART1_IRQHandler                
00000c67  UART2_IRQHandler                
00000c67  UART3_IRQHandler                
20208000  __STACK_END                     
00000200  __STACK_SIZE                    
00000000  __TI_ATRegion0_region_sz        
00000000  __TI_ATRegion0_src_addr         
00000000  __TI_ATRegion0_trg_addr         
00000000  __TI_ATRegion1_region_sz        
00000000  __TI_ATRegion1_src_addr         
00000000  __TI_ATRegion1_trg_addr         
00000000  __TI_ATRegion2_region_sz        
00000000  __TI_ATRegion2_src_addr         
00000000  __TI_ATRegion2_trg_addr         
000018d8  __TI_CINIT_Base                 
000018e8  __TI_CINIT_Limit                
000018e8  __TI_CINIT_Warm                 
000018c4  __TI_Handler_Table_Base         
000018d0  __TI_Handler_Table_Limit        
00001039  __TI_auto_init_nobinit_nopinit  
00000ce5  __TI_decompress_lzss            
0000121b  __TI_decompress_none            
ffffffff  __TI_pprof_out_hndl             
ffffffff  __TI_prof_data_size             
ffffffff  __TI_prof_data_start            
00000000  __TI_static_base__              
000011dd  __TI_zero_init_nomemset         
0000126d  __aeabi_memcpy                  
0000126d  __aeabi_memcpy4                 
0000126d  __aeabi_memcpy8                 
ffffffff  __binit__                       
UNDEFED   __mpu_init                      
20207e00  __stack                         
20200000  __start___llvm_prf_bits         
20200000  __start___llvm_prf_cnts         
20200000  __stop___llvm_prf_bits          
20200000  __stop___llvm_prf_cnts          
000010d5  _c_int00_noargs                 
UNDEFED   _system_post_cinit              
00001283  _system_pre_init                
00001275  abort                           
ffffffff  binit                           
20200110  delay_time                      
20200108  huart0                          
00000000  interruptVectors                
00000c69  main                            
00000bcd  memcpy                          


GLOBAL SYMBOLS: SORTED BY Symbol Address 

address   name                            
-------   ----                            
00000000  __TI_ATRegion0_region_sz        
00000000  __TI_ATRegion0_src_addr         
00000000  __TI_ATRegion0_trg_addr         
00000000  __TI_ATRegion1_region_sz        
00000000  __TI_ATRegion1_src_addr         
00000000  __TI_ATRegion1_trg_addr         
00000000  __TI_ATRegion2_region_sz        
00000000  __TI_ATRegion2_src_addr         
00000000  __TI_ATRegion2_trg_addr         
00000000  __TI_static_base__              
00000000  interruptVectors                
000000c1  OLED_WriteCommand               
00000200  __STACK_SIZE                    
0000043d  OLED_WriteData                  
000007a5  OLED_Init                       
00000a05  DL_Timer_initFourCCPWMMode      
00000b09  OLED_ShowChar                   
00000bcd  memcpy                          
00000c67  ADC0_IRQHandler                 
00000c67  ADC1_IRQHandler                 
00000c67  AES_IRQHandler                  
00000c67  CANFD0_IRQHandler               
00000c67  DAC0_IRQHandler                 
00000c67  DMA_IRQHandler                  
00000c67  Default_Handler                 
00000c67  GROUP0_IRQHandler               
00000c67  GROUP1_IRQHandler               
00000c67  HardFault_Handler               
00000c67  I2C0_IRQHandler                 
00000c67  I2C1_IRQHandler                 
00000c67  NMI_Handler                     
00000c67  PendSV_Handler                  
00000c67  RTC_IRQHandler                  
00000c67  SPI0_IRQHandler                 
00000c67  SPI1_IRQHandler                 
00000c67  SVC_Handler                     
00000c67  TIMA0_IRQHandler                
00000c67  TIMA1_IRQHandler                
00000c67  TIMG0_IRQHandler                
00000c67  TIMG12_IRQHandler               
00000c67  TIMG6_IRQHandler                
00000c67  TIMG7_IRQHandler                
00000c67  TIMG8_IRQHandler                
00000c67  UART1_IRQHandler                
00000c67  UART2_IRQHandler                
00000c67  UART3_IRQHandler                
00000c69  main                            
00000ce5  __TI_decompress_lzss            
00000d61  SYSCFG_DL_UART_0_init           
00000dd1  SYSCFG_DL_PWM_14_init           
00000e3d  SYSCFG_DL_GPIO_init             
00000e9d  OLED_ShowString                 
00000ef1  DL_UART_init                    
00000f39  APP_UART_SendString             
00000f79  SYSCFG_DL_SYSCTL_init           
00000fb9  SYSCFG_DL_initPower             
00000ff9  UART0_IRQHandler                
00001039  __TI_auto_init_nobinit_nopinit  
00001075  DL_UART_transmitDataBlocking    
000010a5  SYSCFG_DL_SYSTICK_init          
000010d5  _c_int00_noargs                 
000010fd  APP_UART_Init                   
00001121  APP_UART_Read                   
0000113d  BSP_UART_Init                   
00001159  DL_Timer_setCaptCompUpdateMethod
00001175  DL_Timer_setClockConfig         
00001191  SYSCFG_DL_init                  
000011ad  APP_UART_Available              
000011c5  DL_Timer_setCaptureCompareOutCtl
000011dd  __TI_zero_init_nomemset         
000011f5  SysTick_Handler                 
00001209  DL_UART_setClockConfig          
0000121b  __TI_decompress_none            
0000122d  BSP_UART_ReceiveByte            
0000123d  DL_Timer_setCaptureCompareValue 
0000124d  BSP_UART_GetPendingIRQ          
00001259  BSP_UART_SendByte               
00001263  DL_Common_delayCycles           
0000126d  __aeabi_memcpy                  
0000126d  __aeabi_memcpy4                 
0000126d  __aeabi_memcpy8                 
00001275  abort                           
0000127a  C$$EXIT                         
0000127b  HOSTexit                        
0000127f  Reset_Handler                   
00001283  _system_pre_init                
00001288  OLED_F8x16                      
000018c4  __TI_Handler_Table_Base         
000018d0  __TI_Handler_Table_Limit        
000018d8  __TI_CINIT_Base                 
000018e8  __TI_CINIT_Limit                
000018e8  __TI_CINIT_Warm                 
20200000  __start___llvm_prf_bits         
20200000  __start___llvm_prf_cnts         
20200000  __stop___llvm_prf_bits          
20200000  __stop___llvm_prf_cnts          
20200108  huart0                          
20200110  delay_time                      
20207e00  __stack                         
20208000  __STACK_END                     
ffffffff  __TI_pprof_out_hndl             
ffffffff  __TI_prof_data_size             
ffffffff  __TI_prof_data_start            
ffffffff  __binit__                       
ffffffff  binit                           
UNDEFED   __mpu_init                      
UNDEFED   _system_post_cinit              

[107 symbols]
